
============================================================
Hand 1
============================================================
Dealer: calit
Seats: calit, nexora, r2_d2, rootbotz, segfault_society, teambinary, token_titans, volt_x
  calit: stack 50000  hole 5S QS
  nexora: stack 50000  hole KC 8S
  r2_d2: stack 50000  hole 4H 9S
  rootbotz: stack 50000  hole 7C QH
  segfault_society: stack 50000  hole 7D JS
  teambinary: stack 50000  hole 2S AS
  token_titans: stack 50000  hole 2C AD
  volt_x: stack 50000  hole JH KH
  [preflop] calit: bet 1 (pot 1)
  [preflop] nexora: fold (pot 1)
  [preflop] r2_d2: fold (pot 1)
  [preflop] rootbotz: fold (pot 1)
  [preflop] segfault_society: fold (pot 1)
  [preflop] teambinary: call (pot 2)
  [preflop] token_titans: raise to 2 (pot 4)
  [preflop] volt_x: call (pot 6)
  [preflop] calit: call (pot 7)
  [preflop] teambinary: call (pot 8)
  flop: 6C 5C 10C
  [flop] calit: check (pot 8)
  [flop] teambinary: check (pot 8)
  [flop] token_titans: bet 7 (pot 15)
  [flop] volt_x: fold (pot 15)
  [flop] calit: fold (pot 15)
  [flop] teambinary: call (pot 22)
  turn: 6C 5C 10C 4S
  [turn] teambinary: check (pot 22)
  [turn] token_titans: bet 30 (pot 52)
  [turn] teambinary: fold (pot 52)
  Uncontested pot 52 -> token_titans
  End stacks: calit=49998, nexora=50000, r2_d2=50000, rootbotz=50000, segfault_society=50000, teambinary=49991, token_titans=50013, volt_x=49998

============================================================
Hand 2
============================================================
Dealer: nexora
Seats: calit, nexora, r2_d2, rootbotz, segfault_society, teambinary, token_titans, volt_x
  calit: stack 50000  hole 5C 6S
  nexora: stack 50000  hole 6D JS
  r2_d2: stack 50000  hole 8D 7H
  rootbotz: stack 50000  hole 10D QD
  segfault_society: stack 50000  hole JD 8H
  teambinary: stack 50000  hole 10C AC
  token_titans: stack 50000  hole 5H 2S
  volt_x: stack 50000  hole 10H QS
  [preflop] nexora: check (pot 0)
  [preflop] r2_d2: check (pot 0)
  [preflop] rootbotz: check (pot 0)
  [preflop] segfault_society: check (pot 0)
  [preflop] teambinary: check (pot 0)
  [preflop] token_titans: check (pot 0)
  [preflop] volt_x: check (pot 0)
  [preflop] calit: bet 1 (pot 1)
  [preflop] nexora: fold (pot 1)
  [preflop] r2_d2: fold (pot 1)
  [preflop] rootbotz: fold (pot 1)
  [preflop] segfault_society: fold (pot 1)
  [preflop] teambinary: call (pot 2)
  [preflop] token_titans: fold (pot 2)
  [preflop] volt_x: call (pot 3)
  flop: 2D 9C JH
  [flop] teambinary: check (pot 3)
  [flop] volt_x: check (pot 3)
  [flop] calit: check (pot 3)
  turn: 2D 9C JH AS
  [turn] teambinary: check (pot 3)
  [turn] volt_x: check (pot 3)
  [turn] calit: check (pot 3)
  river: 2D 9C JH AS KH
  [river] teambinary: check (pot 3)
  [river] volt_x: bet 1000 (pot 1003)
  [river] calit: fold (pot 1003)
  [river] teambinary: raise to 2000 (pot 3003)
  [river] volt_x: raise to 3002 (pot 5005)
  [river] teambinary: raise to 4004 (pot 7009)
  [river] volt_x: raise to 6008 (pot 10015)
  [river] teambinary: raise to 8012 (pot 14023)
  [river] volt_x: raise to 12020 (pot 20035)
  [river] teambinary: raise to 16028 (pot 28051)
  [river] volt_x: raise to 24044 (pot 40075)
  [river] teambinary: raise to 32060 (pot 56107)
  ERROR (volt_x): illegal action raise to 25955
  [river] volt_x: fold (pot 56107)
  Uncontested pot 56107 -> teambinary
  End stacks: calit=49999, nexora=50000, r2_d2=50000, rootbotz=50000, segfault_society=50000, teambinary=74046, token_titans=50000, volt_x=25955

============================================================
Hand 3
============================================================
Dealer: r2_d2
Seats: calit, nexora, r2_d2, rootbotz, segfault_society, teambinary, token_titans, volt_x
  calit: stack 50000  hole 4D 10D
  nexora: stack 50000  hole 7D 3H
  r2_d2: stack 50000  hole 3C 7H
  rootbotz: stack 50000  hole 6C 8H
  segfault_society: stack 50000  hole 2C 5S
  teambinary: stack 50000  hole 4S 8S
  token_titans: stack 50000  hole 6H 10H
  volt_x: stack 50000  hole AD 6S
  [preflop] r2_d2: check (pot 0)
  [preflop] rootbotz: check (pot 0)
  [preflop] segfault_society: check (pot 0)
  [preflop] teambinary: check (pot 0)
  [preflop] token_titans: check (pot 0)
  [preflop] volt_x: check (pot 0)
  [preflop] calit: bet 1 (pot 1)
  [preflop] nexora: fold (pot 1)
  [preflop] r2_d2: fold (pot 1)
  [preflop] rootbotz: fold (pot 1)
  [preflop] segfault_society: fold (pot 1)
  [preflop] teambinary: fold (pot 1)
  [preflop] token_titans: raise to 2 (pot 3)
  [preflop] volt_x: call (pot 5)
  [preflop] calit: call (pot 6)
  flop: 6D 2H KD
  [flop] token_titans: bet 13 (pot 19)
  [flop] volt_x: call (pot 32)
  [flop] calit: call (pot 45)
  turn: 6D 2H KD 9H
  [turn] token_titans: bet 99 (pot 144)
  [turn] volt_x: call (pot 243)
  [turn] calit: fold (pot 243)
  river: 6D 2H KD 9H 7S
  [river] token_titans: check (pot 243)
  [river] volt_x: check (pot 243)
  Showdown:
    token_titans: 6H 10H
    volt_x: AD 6S
  Pot 45 -> volt_x
  Pot 198 -> volt_x
  End stacks: calit=49985, nexora=50000, r2_d2=50000, rootbotz=50000, segfault_society=50000, teambinary=50000, token_titans=49886, volt_x=50129

============================================================
Hand 4
============================================================
Dealer: rootbotz
Seats: calit, nexora, r2_d2, rootbotz, segfault_society, teambinary, token_titans, volt_x
  calit: stack 50000  hole 3S 5S
  nexora: stack 50000  hole 6C 4H
  r2_d2: stack 50000  hole 8D KS
  rootbotz: stack 50000  hole 5C QC
  segfault_society: stack 50000  hole KD 7S
  teambinary: stack 50000  hole AD 10S
  token_titans: stack 50000  hole 8C 2S
  volt_x: stack 50000  hole 9D JD
  [preflop] rootbotz: check (pot 0)
  [preflop] segfault_society: bet 4000 (pot 4000)
  [preflop] teambinary: fold (pot 4000)
  [preflop] token_titans: fold (pot 4000)
  [preflop] volt_x: fold (pot 4000)
  [preflop] calit: fold (pot 4000)
  [preflop] nexora: fold (pot 4000)
  [preflop] r2_d2: fold (pot 4000)
  [preflop] rootbotz: fold (pot 4000)
  Uncontested pot 4000 -> segfault_society
  End stacks: calit=50000, nexora=50000, r2_d2=50000, rootbotz=50000, segfault_society=50000, teambinary=50000, token_titans=50000, volt_x=50000

============================================================
Hand 5
============================================================
Dealer: segfault_society
Seats: calit, nexora, r2_d2, rootbotz, segfault_society, teambinary, token_titans, volt_x
  calit: stack 50000  hole QC 3D
  nexora: stack 50000  hole 10C QS
  r2_d2: stack 50000  hole 10H 5S
  rootbotz: stack 50000  hole JC QH
  segfault_society: stack 50000  hole 4H JH
  teambinary: stack 50000  hole 5D 8D
  token_titans: stack 50000  hole 8H 10S
  volt_x: stack 50000  hole 3H KS
  [preflop] segfault_society: check (pot 0)
  [preflop] teambinary: check (pot 0)
  [preflop] token_titans: check (pot 0)
  [preflop] volt_x: check (pot 0)
  [preflop] calit: bet 1 (pot 1)
  [preflop] nexora: fold (pot 1)
  [preflop] r2_d2: fold (pot 1)
  [preflop] rootbotz: fold (pot 1)
  [preflop] segfault_society: fold (pot 1)
  [preflop] teambinary: fold (pot 1)
  [preflop] token_titans: raise to 2 (pot 3)
  [preflop] volt_x: call (pot 5)
  [preflop] calit: call (pot 6)
  flop: 4C 2H JS
  [flop] token_titans: bet 13 (pot 19)
  [flop] volt_x: fold (pot 19)
  [flop] calit: fold (pot 19)
  Uncontested pot 19 -> token_titans
  End stacks: calit=49998, nexora=50000, r2_d2=50000, rootbotz=50000, segfault_society=50000, teambinary=50000, token_titans=50004, volt_x=49998

============================================================
Hand 6
============================================================
Dealer: teambinary
Seats: calit, nexora, r2_d2, rootbotz, segfault_society, teambinary, token_titans, volt_x
  calit: stack 50000  hole 2S 3S
  nexora: stack 50000  hole 5D 5S
  r2_d2: stack 50000  hole 6C 3H
  rootbotz: stack 50000  hole 2D AS
  segfault_society: stack 50000  hole 9S 10S
  teambinary: stack 50000  hole 5H KH
  token_titans: stack 50000  hole JC QC
  volt_x: stack 50000  hole 7C 7H
  [preflop] teambinary: check (pot 0)
  [preflop] token_titans: check (pot 0)
  ERROR (volt_x): illegal action raise to 1000
  [preflop] volt_x: fold (pot 0)
  [preflop] calit: bet 1 (pot 1)
  [preflop] nexora: fold (pot 1)
  [preflop] r2_d2: fold (pot 1)
  [preflop] rootbotz: fold (pot 1)
  [preflop] segfault_society: fold (pot 1)
  [preflop] teambinary: call (pot 2)
  [preflop] token_titans: raise to 3 (pot 5)
  [preflop] calit: call (pot 7)
  [preflop] teambinary: call (pot 9)
  flop: 8D QD KC
  [flop] teambinary: check (pot 9)
  [flop] token_titans: bet 19 (pot 28)
  [flop] calit: fold (pot 28)
  [flop] teambinary: raise to 38 (pot 66)
  [flop] token_titans: raise to 165 (pot 212)
  [flop] teambinary: raise to 292 (pot 466)
  [flop] token_titans: raise to 419 (pot 720)
  [flop] teambinary: raise to 546 (pot 974)
  [flop] token_titans: raise to 673 (pot 1228)
  [flop] teambinary: raise to 800 (pot 1482)
  [flop] token_titans: raise to 927 (pot 1736)
  [flop] teambinary: raise to 1054 (pot 1990)
  [flop] token_titans: raise to 1181 (pot 2244)
  [flop] teambinary: raise to 1346 (pot 2536)
  [flop] token_titans: raise to 2561 (pot 3916)
  [flop] teambinary: raise to 3776 (pot 6346)
  [flop] token_titans: raise to 4991 (pot 8776)
  [flop] teambinary: raise to 6206 (pot 11206)
  [flop] token_titans: raise to 7421 (pot 13636)
  [flop] teambinary: raise to 8636 (pot 16066)
  [flop] token_titans: raise to 9851 (pot 18496)
  [flop] teambinary: raise to 11097 (pot 20957)
  [flop] token_titans: raise to 21088 (pot 32194)
  [flop] teambinary: raise to 31079 (pot 52176)
  [flop] token_titans: call (pot 62167)
  turn: 8D QD KC 2H
  [turn] teambinary: check (pot 62167)
  [turn] token_titans: bet 13676 (pot 75843)
  [turn] teambinary: call (pot 89519)
  river: 8D QD KC 2H 8H
  [river] teambinary: check (pot 89519)
  [river] token_titans: bet 1048 (pot 90567)
  [river] teambinary: raise to 5242 (pot 95809)
  [river] token_titans: call (pot 100003)
  Showdown:
    teambinary: 5H KH
    token_titans: JC QC
  Pot 9 -> teambinary
  Pot 99994 -> teambinary
  End stacks: calit=49997, nexora=50000, r2_d2=50000, rootbotz=50000, segfault_society=50000, teambinary=100003, token_titans=0, volt_x=50000

============================================================
Hand 7
============================================================
Dealer: token_titans
Seats: calit, nexora, r2_d2, rootbotz, segfault_society, teambinary, token_titans, volt_x
  calit: stack 50000  hole 5C AH
  nexora: stack 50000  hole QC JD
  r2_d2: stack 50000  hole 9D 6S
  rootbotz: stack 50000  hole 8C 2H
  segfault_society: stack 50000  hole 3H QH
  teambinary: stack 50000  hole 7D 2S
  token_titans: stack 50000  hole 9C 10C
  volt_x: stack 50000  hole 4D 4H
  [preflop] token_titans: check (pot 0)
  [preflop] volt_x: check (pot 0)
  [preflop] calit: bet 1 (pot 1)
  [preflop] nexora: fold (pot 1)
  [preflop] r2_d2: fold (pot 1)
  [preflop] rootbotz: fold (pot 1)
  [preflop] segfault_society: fold (pot 1)
  [preflop] teambinary: fold (pot 1)
  [preflop] token_titans: raise to 2 (pot 3)
  [preflop] volt_x: call (pot 5)
  [preflop] calit: call (pot 6)
  flop: 4C 3D KC
  [flop] token_titans: bet 13 (pot 19)
  [flop] volt_x: raise to 26 (pot 45)
  [flop] calit: call (pot 71)
  [flop] token_titans: raise to 152 (pot 210)
  [flop] volt_x: raise to 278 (pot 462)
  [flop] calit: call (pot 714)
  [flop] token_titans: raise to 1538 (pot 2100)
  [flop] volt_x: raise to 2798 (pot 4620)
  [flop] calit: call (pot 7140)
  [flop] token_titans: raise to 15398 (pot 21000)
  [flop] volt_x: raise to 27998 (pot 46200)
  [flop] calit: fold (pot 46200)
  [flop] token_titans: call (pot 58800)
  turn: 4C 3D KC AD
  [turn] token_titans: check (pot 58800)
  [turn] volt_x: bet 22000 (pot 80800)
  [turn] token_titans: fold (pot 80800)
  Uncontested pot 80800 -> volt_x
  End stacks: calit=47200, nexora=50000, r2_d2=50000, rootbotz=50000, segfault_society=50000, teambinary=50000, token_titans=22000, volt_x=80800

============================================================
Hand 8
============================================================
Dealer: volt_x
Seats: calit, nexora, r2_d2, rootbotz, segfault_society, teambinary, token_titans, volt_x
  calit: stack 50000  hole 5D 6D
  nexora: stack 50000  hole JC AC
  r2_d2: stack 50000  hole QD AH
  rootbotz: stack 50000  hole 5C 7C
  segfault_society: stack 50000  hole 2S 5S
  teambinary: stack 50000  hole 10H KH
  token_titans: stack 50000  hole 10C 5H
  volt_x: stack 50000  hole 4D JS
  [preflop] volt_x: check (pot 0)
  [preflop] calit: bet 1 (pot 1)
  [preflop] nexora: fold (pot 1)
  [preflop] r2_d2: fold (pot 1)
  [preflop] rootbotz: fold (pot 1)
  [preflop] segfault_society: fold (pot 1)
  [preflop] teambinary: call (pot 2)
  [preflop] token_titans: raise to 2 (pot 4)
  [preflop] volt_x: fold (pot 4)
  [preflop] calit: call (pot 5)
  [preflop] teambinary: call (pot 6)
  flop: AS 9S KS
  [flop] calit: check (pot 6)
  [flop] teambinary: check (pot 6)
  [flop] token_titans: check (pot 6)
  turn: AS 9S KS QS
  [turn] calit: check (pot 6)
  [turn] teambinary: check (pot 6)
  [turn] token_titans: check (pot 6)
  river: AS 9S KS QS JD
  [river] calit: check (pot 6)
  [river] teambinary: check (pot 6)
  [river] token_titans: bet 2 (pot 8)
  [river] calit: call (pot 10)
  [river] teambinary: call (pot 12)
  Showdown:
    calit: 5D 6D
    teambinary: 10H KH
    token_titans: 10C 5H
  Pot 12 -> teambinary, token_titans
  End stacks: calit=49996, nexora=50000, r2_d2=50000, rootbotz=50000, segfault_society=50000, teambinary=50002, token_titans=50002, volt_x=50000

============================================================
Hand 9
============================================================
Dealer: calit
Seats: calit, nexora, r2_d2, rootbotz, segfault_society, teambinary, token_titans, volt_x
  calit: stack 50000  hole 10D 9H
  nexora: stack 50000  hole 5D 4S
  r2_d2: stack 50000  hole 6D AS
  rootbotz: stack 50000  hole 8S JS
  segfault_society: stack 50000  hole 2D 3S
  teambinary: stack 50000  hole 7H 10H
  token_titans: stack 50000  hole KD KS
  volt_x: stack 50000  hole 6S 9S
  [preflop] calit: bet 1 (pot 1)
  [preflop] nexora: fold (pot 1)
  [preflop] r2_d2: fold (pot 1)
  [preflop] rootbotz: fold (pot 1)
  [preflop] segfault_society: fold (pot 1)
  [preflop] teambinary: fold (pot 1)
  [preflop] token_titans: raise to 4 (pot 5)
  [preflop] volt_x: call (pot 9)
  [preflop] calit: call (pot 12)
  flop: 4D 3C KC
  [flop] calit: check (pot 12)
  [flop] token_titans: bet 8 (pot 20)
  [flop] volt_x: fold (pot 20)
  [flop] calit: call (pot 28)
  turn: 4D 3C KC 5S
  [turn] calit: check (pot 28)
  [turn] token_titans: bet 19 (pot 47)
  [turn] calit: call (pot 66)
  river: 4D 3C KC 5S 8C
  [river] calit: check (pot 66)
  [river] token_titans: bet 33 (pot 99)
  [river] calit: fold (pot 99)
  Uncontested pot 99 -> token_titans
  End stacks: calit=49969, nexora=50000, r2_d2=50000, rootbotz=50000, segfault_society=50000, teambinary=50000, token_titans=50035, volt_x=49996

============================================================
Hand 10
============================================================
Dealer: nexora
Seats: calit, nexora, r2_d2, rootbotz, segfault_society, teambinary, token_titans, volt_x
  calit: stack 50000  hole 6S KS
  nexora: stack 50000  hole QC 2H
  r2_d2: stack 50000  hole 8S QS
  rootbotz: stack 50000  hole 4D 3S
  segfault_society: stack 50000  hole 10H JH
  teambinary: stack 50000  hole KD 5H
  token_titans: stack 50000  hole 10C 10S
  volt_x: stack 50000  hole 3D 9S
  [preflop] nexora: check (pot 0)
  [preflop] r2_d2: check (pot 0)
  [preflop] rootbotz: check (pot 0)
  [preflop] segfault_society: check (pot 0)
  [preflop] teambinary: check (pot 0)
  [preflop] token_titans: bet 6500 (pot 6500)
  [preflop] volt_x: fold (pot 6500)
  [preflop] calit: fold (pot 6500)
  [preflop] nexora: fold (pot 6500)
  [preflop] r2_d2: fold (pot 6500)
  [preflop] rootbotz: fold (pot 6500)
  [preflop] segfault_society: fold (pot 6500)
  [preflop] teambinary: fold (pot 6500)
  Uncontested pot 6500 -> token_titans
  End stacks: calit=50000, nexora=50000, r2_d2=50000, rootbotz=50000, segfault_society=50000, teambinary=50000, token_titans=50000, volt_x=50000

============================================================
Hand 11
============================================================
Dealer: r2_d2
Seats: calit, nexora, r2_d2, rootbotz, segfault_society, teambinary, token_titans, volt_x
  calit: stack 50000  hole 7D KH
  nexora: stack 50000  hole 2C KD
  r2_d2: stack 50000  hole 5C 10D
  rootbotz: stack 50000  hole 10H 6S
  segfault_society: stack 50000  hole AC 4S
  teambinary: stack 50000  hole 7S 10S
  token_titans: stack 50000  hole 2D JS
  volt_x: stack 50000  hole 2H 3H
  [preflop] r2_d2: check (pot 0)
  [preflop] rootbotz: check (pot 0)
  [preflop] segfault_society: bet 4000 (pot 4000)
  [preflop] teambinary: fold (pot 4000)
  [preflop] token_titans: fold (pot 4000)
  [preflop] volt_x: fold (pot 4000)
  [preflop] calit: fold (pot 4000)
  [preflop] nexora: fold (pot 4000)
  [preflop] r2_d2: fold (pot 4000)
  [preflop] rootbotz: fold (pot 4000)
  Uncontested pot 4000 -> segfault_society
  End stacks: calit=50000, nexora=50000, r2_d2=50000, rootbotz=50000, segfault_society=50000, teambinary=50000, token_titans=50000, volt_x=50000

============================================================
Hand 12
============================================================
Dealer: rootbotz
Seats: calit, nexora, r2_d2, rootbotz, segfault_society, teambinary, token_titans, volt_x
  calit: stack 50000  hole JD 9H
  nexora: stack 50000  hole 10C 7H
  r2_d2: stack 50000  hole 2H 10H
  rootbotz: stack 50000  hole 4C AH
  segfault_society: stack 50000  hole 2S 8S
  teambinary: stack 50000  hole 2C 5D
  token_titans: stack 50000  hole JS QS
  volt_x: stack 50000  hole 6C 8H
  [preflop] rootbotz: check (pot 0)
  [preflop] segfault_society: check (pot 0)
  [preflop] teambinary: check (pot 0)
  [preflop] token_titans: check (pot 0)
  [preflop] volt_x: check (pot 0)
  [preflop] calit: bet 1 (pot 1)
  [preflop] nexora: fold (pot 1)
  [preflop] r2_d2: fold (pot 1)
  [preflop] rootbotz: fold (pot 1)
  [preflop] segfault_society: fold (pot 1)
  [preflop] teambinary: fold (pot 1)
  [preflop] token_titans: raise to 2 (pot 3)
  [preflop] volt_x: call (pot 5)
  [preflop] calit: call (pot 6)
  flop: QC 5S KS
  [flop] token_titans: bet 3 (pot 9)
  [flop] volt_x: fold (pot 9)
  [flop] calit: call (pot 12)
  turn: QC 5S KS 6S
  [turn] token_titans: bet 11 (pot 23)
  [turn] calit: call (pot 34)
  river: QC 5S KS 6S 5C
  [river] token_titans: bet 49984 (pot 50018)
  [river] calit: fold (pot 50018)
  Uncontested pot 50018 -> token_titans
  End stacks: calit=49984, nexora=50000, r2_d2=50000, rootbotz=50000, segfault_society=50000, teambinary=50000, token_titans=50018, volt_x=49998

============================================================
Hand 13
============================================================
Dealer: segfault_society
Seats: calit, nexora, r2_d2, rootbotz, segfault_society, teambinary, token_titans, volt_x
  calit: stack 50000  hole 6D 4S
  nexora: stack 50000  hole 7D 10S
  r2_d2: stack 50000  hole JD 5S
  rootbotz: stack 50000  hole 6C 6H
  segfault_society: stack 50000  hole 3D 10H
  teambinary: stack 50000  hole 7H 9S
  token_titans: stack 50000  hole 4H 6S
  volt_x: stack 50000  hole 4D 2H
  [preflop] segfault_society: check (pot 0)
  [preflop] teambinary: check (pot 0)
  [preflop] token_titans: check (pot 0)
  [preflop] volt_x: check (pot 0)
  [preflop] calit: bet 1 (pot 1)
  [preflop] nexora: fold (pot 1)
  [preflop] r2_d2: fold (pot 1)
  [preflop] rootbotz: fold (pot 1)
  [preflop] segfault_society: fold (pot 1)
  [preflop] teambinary: fold (pot 1)
  [preflop] token_titans: raise to 2 (pot 3)
  [preflop] volt_x: call (pot 5)
  [preflop] calit: call (pot 6)
  flop: 2S 8H 8S
  [flop] token_titans: bet 4 (pot 10)
  [flop] volt_x: call (pot 14)
  [flop] calit: call (pot 18)
  turn: 2S 8H 8S 3H
  [turn] token_titans: check (pot 18)
  [turn] volt_x: check (pot 18)
  [turn] calit: check (pot 18)
  river: 2S 8H 8S 3H AH
  [river] token_titans: check (pot 18)
  [river] volt_x: check (pot 18)
  [river] calit: check (pot 18)
  Showdown:
    calit: 6D 4S
    token_titans: 4H 6S
    volt_x: 4D 2H
  Pot 18 -> volt_x
  End stacks: calit=49994, nexora=50000, r2_d2=50000, rootbotz=50000, segfault_society=50000, teambinary=50000, token_titans=49994, volt_x=50012

============================================================
Hand 14
============================================================
Dealer: teambinary
Seats: calit, nexora, r2_d2, rootbotz, segfault_society, teambinary, token_titans, volt_x
  calit: stack 50000  hole KC 5S
  nexora: stack 50000  hole 5D 9S
  r2_d2: stack 50000  hole JC KS
  rootbotz: stack 50000  hole 7D 8D
  segfault_society: stack 50000  hole AD AS
  teambinary: stack 50000  hole QC 6S
  token_titans: stack 50000  hole 4S QS
  volt_x: stack 50000  hole JD 8H
  [preflop] teambinary: check (pot 0)
  [preflop] token_titans: check (pot 0)
  [preflop] volt_x: check (pot 0)
  [preflop] calit: bet 1 (pot 1)
  [preflop] nexora: fold (pot 1)
  [preflop] r2_d2: fold (pot 1)
  [preflop] rootbotz: fold (pot 1)
  [preflop] segfault_society: raise to 50000 (pot 50001)
  [preflop] teambinary: fold (pot 50001)
  [preflop] token_titans: fold (pot 50001)
  [preflop] volt_x: fold (pot 50001)
  [preflop] calit: fold (pot 50001)
  Uncontested pot 50001 -> segfault_society
  End stacks: calit=49999, nexora=50000, r2_d2=50000, rootbotz=50000, segfault_society=50001, teambinary=50000, token_titans=50000, volt_x=50000

============================================================
Hand 15
============================================================
Dealer: token_titans
Seats: calit, nexora, r2_d2, rootbotz, segfault_society, teambinary, token_titans, volt_x
  calit: stack 50000  hole 2C 3D
  nexora: stack 50000  hole KD 5S
  r2_d2: stack 50000  hole 9H 8S
  rootbotz: stack 50000  hole QC KS
  segfault_society: stack 50000  hole 2H 5H
  teambinary: stack 50000  hole 5D QH
  token_titans: stack 50000  hole 10D 10S
  volt_x: stack 50000  hole 9C 6H
  [preflop] token_titans: bet 4250 (pot 4250)
  [preflop] volt_x: fold (pot 4250)
  [preflop] calit: fold (pot 4250)
  [preflop] nexora: fold (pot 4250)
  [preflop] r2_d2: fold (pot 4250)
  [preflop] rootbotz: fold (pot 4250)
  [preflop] segfault_society: fold (pot 4250)
  [preflop] teambinary: fold (pot 4250)
  Uncontested pot 4250 -> token_titans
  End stacks: calit=50000, nexora=50000, r2_d2=50000, rootbotz=50000, segfault_society=50000, teambinary=50000, token_titans=50000, volt_x=50000

============================================================
Hand 16
============================================================
Dealer: volt_x
Seats: calit, nexora, r2_d2, rootbotz, segfault_society, teambinary, token_titans, volt_x
  calit: stack 50000  hole JH 9S
  nexora: stack 50000  hole 5C 7S
  r2_d2: stack 50000  hole 6C AD
  rootbotz: stack 50000  hole 2H 4S
  segfault_society: stack 50000  hole AH QS
  teambinary: stack 50000  hole 10C KD
  token_titans: stack 50000  hole QC 3H
  volt_x: stack 50000  hole 10S JS
  [preflop] volt_x: check (pot 0)
  [preflop] calit: check (pot 0)
  [preflop] nexora: check (pot 0)
  [preflop] r2_d2: check (pot 0)
  [preflop] rootbotz: check (pot 0)
  [preflop] segfault_society: bet 4000 (pot 4000)
  [preflop] teambinary: fold (pot 4000)
  [preflop] token_titans: raise to 8000 (pot 12000)
  [preflop] volt_x: fold (pot 12000)
  [preflop] calit: fold (pot 12000)
  [preflop] nexora: fold (pot 12000)
  [preflop] r2_d2: fold (pot 12000)
  [preflop] rootbotz: fold (pot 12000)
  [preflop] segfault_society: call (pot 16000)
  flop: JD 3D 5H
  [flop] segfault_society: bet 4000 (pot 20000)
  [flop] token_titans: raise to 8000 (pot 28000)
  [flop] segfault_society: call (pot 32000)
  turn: JD 3D 5H JC
  [turn] segfault_society: bet 4000 (pot 36000)
  [turn] token_titans: raise to 8000 (pot 44000)
  [turn] segfault_society: call (pot 48000)
  river: JD 3D 5H JC 4H
  [river] segfault_society: bet 4000 (pot 52000)
  [river] token_titans: raise to 8000 (pot 60000)
  [river] segfault_society: call (pot 64000)
  Showdown:
    segfault_society: AH QS
    token_titans: QC 3H
  Pot 64000 -> token_titans
  End stacks: calit=50000, nexora=50000, r2_d2=50000, rootbotz=50000, segfault_society=18000, teambinary=50000, token_titans=82000, volt_x=50000

============================================================
Hand 17
============================================================
Dealer: calit
Seats: calit, nexora, r2_d2, rootbotz, segfault_society, teambinary, token_titans, volt_x
  calit: stack 50000  hole 10H JS
  nexora: stack 50000  hole 3D 10S
  r2_d2: stack 50000  hole QH 4S
  rootbotz: stack 50000  hole 10D 9H
  segfault_society: stack 50000  hole JH 5S
  teambinary: stack 50000  hole 4H 8H
  token_titans: stack 50000  hole 10C KD
  volt_x: stack 50000  hole 5C KH
  [preflop] calit: check (pot 0)
  [preflop] nexora: check (pot 0)
  [preflop] r2_d2: check (pot 0)
  [preflop] rootbotz: check (pot 0)
  [preflop] segfault_society: check (pot 0)
  [preflop] teambinary: check (pot 0)
  [preflop] token_titans: check (pot 0)
  [preflop] volt_x: check (pot 0)
  flop: 3H KS 2H
  [flop] calit: check (pot 0)
  [flop] nexora: check (pot 0)
  [flop] r2_d2: check (pot 0)
  [flop] rootbotz: check (pot 0)
  [flop] segfault_society: check (pot 0)
  [flop] teambinary: check (pot 0)
  [flop] token_titans: check (pot 0)
  [flop] volt_x: check (pot 0)
  turn: 3H KS 2H 3C
  [turn] calit: check (pot 0)
  [turn] nexora: bet 1258 (pot 1258)
  [turn] r2_d2: fold (pot 1258)
  [turn] rootbotz: fold (pot 1258)
  [turn] segfault_society: fold (pot 1258)
  [turn] teambinary: fold (pot 1258)
  [turn] token_titans: raise to 2516 (pot 3774)
  [turn] volt_x: call (pot 6290)
  [turn] calit: fold (pot 6290)
  [turn] nexora: raise to 7072 (pot 12104)
  [turn] token_titans: raise to 11628 (pot 21216)
  [turn] volt_x: call (pot 30328)
  [turn] nexora: raise to 30475 (pot 53731)
  [turn] token_titans: call (pot 72578)
  [turn] volt_x: call (pot 91425)
  river: 3H KS 2H 3C 3S
  [river] nexora: bet 19525 (pot 110950)
  [river] token_titans: call (pot 130475)
  [river] volt_x: call (pot 150000)
  Showdown:
    nexora: 3D 10S
    token_titans: 10C KD
    volt_x: 5C KH
  Pot 150000 -> nexora
  End stacks: calit=50000, nexora=150000, r2_d2=50000, rootbotz=50000, segfault_society=50000, teambinary=50000, token_titans=0, volt_x=0

============================================================
Hand 18
============================================================
Dealer: nexora
Seats: calit, nexora, r2_d2, rootbotz, segfault_society, teambinary, token_titans, volt_x
  calit: stack 50000  hole 7D 7S
  nexora: stack 50000  hole 9H 8S
  r2_d2: stack 50000  hole 5D 6D
  rootbotz: stack 50000  hole 8C 10H
  segfault_society: stack 50000  hole 3D 3H
  teambinary: stack 50000  hole AH 4S
  token_titans: stack 50000  hole JD 2H
  volt_x: stack 50000  hole JC AS
  [preflop] nexora: check (pot 0)
  [preflop] r2_d2: check (pot 0)
  [preflop] rootbotz: check (pot 0)
  [preflop] segfault_society: check (pot 0)
  [preflop] teambinary: check (pot 0)
  [preflop] token_titans: check (pot 0)
  [preflop] volt_x: check (pot 0)
  [preflop] calit: bet 1000 (pot 1000)
  [preflop] nexora: fold (pot 1000)
  [preflop] r2_d2: fold (pot 1000)
  [preflop] rootbotz: fold (pot 1000)
  [preflop] segfault_society: call (pot 2000)
  [preflop] teambinary: fold (pot 2000)
  [preflop] token_titans: raise to 2350 (pot 4350)
  [preflop] volt_x: fold (pot 4350)
  [preflop] calit: call (pot 5700)
  [preflop] segfault_society: call (pot 7050)
  flop: 8H 5H KD
  [flop] segfault_society: bet 4000 (pot 11050)
  [flop] token_titans: raise to 10772 (pot 21822)
  [flop] calit: call (pot 32594)
  [flop] segfault_society: call (pot 39366)
  turn: 8H 5H KD KC
  [turn] segfault_society: bet 4000 (pot 43366)
  [turn] token_titans: raise to 8000 (pot 51366)
  [turn] calit: call (pot 59366)
  [turn] segfault_society: call (pot 63366)
  river: 8H 5H KD KC 6S
  [river] segfault_society: bet 4000 (pot 67366)
  [river] token_titans: fold (pot 67366)
  [river] calit: call (pot 71366)
  Showdown:
    calit: 7D 7S
    segfault_society: 3D 3H
  Pot 63366 -> calit
  Pot 8000 -> calit
  End stacks: calit=96244, nexora=50000, r2_d2=50000, rootbotz=50000, segfault_society=24878, teambinary=50000, token_titans=28878, volt_x=50000

============================================================
Hand 19
============================================================
Dealer: r2_d2
Seats: calit, nexora, r2_d2, rootbotz, segfault_society, teambinary, token_titans, volt_x
  calit: stack 50000  hole 5C 9C
  nexora: stack 50000  hole QD QS
  r2_d2: stack 50000  hole 8H 10S
  rootbotz: stack 50000  hole 2H 9H
  segfault_society: stack 50000  hole 10C 4H
  teambinary: stack 50000  hole KC 4D
  token_titans: stack 50000  hole 8C 5S
  volt_x: stack 50000  hole KD 4S
  [preflop] r2_d2: check (pot 0)
  [preflop] rootbotz: check (pot 0)
  [preflop] segfault_society: check (pot 0)
  [preflop] teambinary: check (pot 0)
  [preflop] token_titans: check (pot 0)
  [preflop] volt_x: check (pot 0)
  [preflop] calit: check (pot 0)
  [preflop] nexora: check (pot 0)
  flop: 9D 6D QH
  [flop] r2_d2: check (pot 0)
  [flop] rootbotz: check (pot 0)
  [flop] segfault_society: check (pot 0)
  [flop] teambinary: check (pot 0)
  [flop] token_titans: check (pot 0)
  [flop] volt_x: check (pot 0)
  [flop] calit: check (pot 0)
  [flop] nexora: bet 966 (pot 966)
  [flop] r2_d2: fold (pot 966)
  [flop] rootbotz: fold (pot 966)
  [flop] segfault_society: fold (pot 966)
  [flop] teambinary: fold (pot 966)
  [flop] token_titans: raise to 1932 (pot 2898)
  [flop] volt_x: fold (pot 2898)
  [flop] calit: call (pot 4830)
  [flop] nexora: raise to 5966 (pot 9830)
  [flop] token_titans: raise to 15670 (pot 23568)
  [flop] calit: call (pot 37306)
  [flop] nexora: raise to 50000 (pot 81340)
  [flop] token_titans: fold (pot 81340)
  [flop] calit: call (pot 115670)
  turn: 9D 6D QH 7S
  river: 9D 6D QH 7S AH
  Showdown:
    calit: 5C 9C
    nexora: QD QS
  Pot 47010 -> nexora
  Pot 68660 -> nexora
  End stacks: calit=0, nexora=115670, r2_d2=50000, rootbotz=50000, segfault_society=50000, teambinary=50000, token_titans=34330, volt_x=50000

============================================================
Hand 20
============================================================
Dealer: rootbotz
Seats: calit, nexora, r2_d2, rootbotz, segfault_society, teambinary, token_titans, volt_x
  calit: stack 50000  hole 4C JD
  nexora: stack 50000  hole 8C 9D
  r2_d2: stack 50000  hole 10H QH
  rootbotz: stack 50000  hole 2D 9H
  segfault_society: stack 50000  hole 8D AS
  teambinary: stack 50000  hole 3D 6S
  token_titans: stack 50000  hole 4H KS
  volt_x: stack 50000  hole KD 6H
  [preflop] rootbotz: check (pot 0)
  [preflop] segfault_society: bet 4000 (pot 4000)
  [preflop] teambinary: fold (pot 4000)
  [preflop] token_titans: fold (pot 4000)
  [preflop] volt_x: fold (pot 4000)
  [preflop] calit: fold (pot 4000)
  [preflop] nexora: fold (pot 4000)
  [preflop] r2_d2: fold (pot 4000)
  [preflop] rootbotz: fold (pot 4000)
  Uncontested pot 4000 -> segfault_society
  End stacks: calit=50000, nexora=50000, r2_d2=50000, rootbotz=50000, segfault_society=50000, teambinary=50000, token_titans=50000, volt_x=50000

============================================================
Hand 21
============================================================
Dealer: segfault_society
Seats: calit, nexora, r2_d2, rootbotz, segfault_society, teambinary, token_titans, volt_x
  calit: stack 50000  hole QD QH
  nexora: stack 50000  hole 5C 7H
  r2_d2: stack 50000  hole 3D JS
  rootbotz: stack 50000  hole KC JH
  segfault_society: stack 50000  hole 6H 3S
  teambinary: stack 50000  hole 9D JD
  token_titans: stack 50000  hole AC 6S
  volt_x: stack 50000  hole 6C JC
  [preflop] segfault_society: check (pot 0)
  [preflop] teambinary: check (pot 0)
  [preflop] token_titans: check (pot 0)
  [preflop] volt_x: check (pot 0)
  [preflop] calit: bet 1000 (pot 1000)
  [preflop] nexora: fold (pot 1000)
  [preflop] r2_d2: fold (pot 1000)
  [preflop] rootbotz: fold (pot 1000)
  [preflop] segfault_society: fold (pot 1000)
  [preflop] teambinary: fold (pot 1000)
  [preflop] token_titans: raise to 2000 (pot 3000)
  [preflop] volt_x: call (pot 5000)
  [preflop] calit: call (pot 6000)
  flop: 2C AD QC
  [flop] token_titans: bet 3000 (pot 9000)
  [flop] volt_x: call (pot 12000)
  [flop] calit: raise to 6000 (pot 18000)
  [flop] token_titans: raise to 15450 (pot 30450)
  [flop] volt_x: call (pot 42900)
  [flop] calit: raise to 24900 (pot 61800)
  [flop] token_titans: raise to 34350 (pot 80700)
  [flop] volt_x: call (pot 99600)
  [flop] calit: raise to 43800 (pot 118500)
  [flop] token_titans: call (pot 127950)
  [flop] volt_x: call (pot 137400)
  turn: 2C AD QC 9H
  [turn] token_titans: bet 4200 (pot 141600)
  [turn] volt_x: call (pot 145800)
  [turn] calit: call (pot 150000)
  river: 2C AD QC 9H 4S
  Showdown:
    calit: QD QH
    token_titans: AC 6S
    volt_x: 6C JC
  Pot 150000 -> calit
  End stacks: calit=150000, nexora=50000, r2_d2=50000, rootbotz=50000, segfault_society=50000, teambinary=50000, token_titans=0, volt_x=0

============================================================
Hand 22
============================================================
Dealer: teambinary
Seats: calit, nexora, r2_d2, rootbotz, segfault_society, teambinary, token_titans, volt_x
  calit: stack 50000  hole KH 8S
  nexora: stack 50000  hole QD 9S
  r2_d2: stack 50000  hole 4D 10H
  rootbotz: stack 50000  hole JD 4H
  segfault_society: stack 50000  hole KC 6S
  teambinary: stack 50000  hole 2C 6D
  token_titans: stack 50000  hole 3D 7S
  volt_x: stack 50000  hole 3C 5D
  [preflop] teambinary: check (pot 0)
  [preflop] token_titans: check (pot 0)
  [preflop] volt_x: check (pot 0)
  [preflop] calit: check (pot 0)
  [preflop] nexora: check (pot 0)
  [preflop] r2_d2: check (pot 0)
  [preflop] rootbotz: check (pot 0)
  [preflop] segfault_society: bet 4000 (pot 4000)
  [preflop] teambinary: fold (pot 4000)
  [preflop] token_titans: fold (pot 4000)
  [preflop] volt_x: fold (pot 4000)
  [preflop] calit: fold (pot 4000)
  [preflop] nexora: fold (pot 4000)
  [preflop] r2_d2: fold (pot 4000)
  [preflop] rootbotz: fold (pot 4000)
  Uncontested pot 4000 -> segfault_society
  End stacks: calit=50000, nexora=50000, r2_d2=50000, rootbotz=50000, segfault_society=50000, teambinary=50000, token_titans=50000, volt_x=50000

============================================================
Hand 23
============================================================
Dealer: token_titans
Seats: calit, nexora, r2_d2, rootbotz, segfault_society, teambinary, token_titans, volt_x
  calit: stack 50000  hole 8H 6S
  nexora: stack 50000  hole 5C 9S
  r2_d2: stack 50000  hole 10C 6D
  rootbotz: stack 50000  hole KD 3H
  segfault_society: stack 50000  hole 7D 2S
  teambinary: stack 50000  hole 8C 3D
  token_titans: stack 50000  hole 4C 10H
  volt_x: stack 50000  hole JC 5S
  [preflop] token_titans: check (pot 0)
  [preflop] volt_x: check (pot 0)
  [preflop] calit: check (pot 0)
  [preflop] nexora: check (pot 0)
  [preflop] r2_d2: check (pot 0)
  [preflop] rootbotz: check (pot 0)
  [preflop] segfault_society: check (pot 0)
  [preflop] teambinary: check (pot 0)
  flop: 7H 2C 7S
  [flop] token_titans: check (pot 0)
  [flop] volt_x: check (pot 0)
  [flop] calit: check (pot 0)
  [flop] nexora: check (pot 0)
  [flop] r2_d2: check (pot 0)
  [flop] rootbotz: check (pot 0)
  [flop] segfault_society: bet 14000 (pot 14000)
  [flop] teambinary: fold (pot 14000)
  [flop] token_titans: fold (pot 14000)
  [flop] volt_x: fold (pot 14000)
  [flop] calit: fold (pot 14000)
  [flop] nexora: fold (pot 14000)
  [flop] r2_d2: fold (pot 14000)
  [flop] rootbotz: fold (pot 14000)
  Uncontested pot 14000 -> segfault_society
  End stacks: calit=50000, nexora=50000, r2_d2=50000, rootbotz=50000, segfault_society=50000, teambinary=50000, token_titans=50000, volt_x=50000

============================================================
Hand 24
============================================================
Dealer: volt_x
Seats: calit, nexora, r2_d2, rootbotz, segfault_society, teambinary, token_titans, volt_x
  calit: stack 50000  hole JC 2S
  nexora: stack 50000  hole 4S JS
  r2_d2: stack 50000  hole 8H 8S
  rootbotz: stack 50000  hole 7H 9S
  segfault_society: stack 50000  hole 6C 2D
  teambinary: stack 50000  hole 2C QC
  token_titans: stack 50000  hole 5C 10H
  volt_x: stack 50000  hole 9C 9D
  ERROR (volt_x): illegal action raise to 1000
  [preflop] volt_x: fold (pot 0)
  [preflop] calit: check (pot 0)
  [preflop] nexora: check (pot 0)
  [preflop] r2_d2: check (pot 0)
  [preflop] rootbotz: check (pot 0)
  [preflop] segfault_society: check (pot 0)
  [preflop] teambinary: check (pot 0)
  [preflop] token_titans: check (pot 0)
  flop: 10D 10C 6D
  [flop] calit: check (pot 0)
  [flop] nexora: check (pot 0)
  [flop] r2_d2: check (pot 0)
  [flop] rootbotz: check (pot 0)
  [flop] segfault_society: bet 4000 (pot 4000)
  [flop] teambinary: fold (pot 4000)
  [flop] token_titans: raise to 8000 (pot 12000)
  [flop] calit: fold (pot 12000)
  [flop] nexora: fold (pot 12000)
  [flop] r2_d2: call (pot 20000)
  [flop] rootbotz: fold (pot 20000)
  [flop] segfault_society: call (pot 24000)
  turn: 10D 10C 6D QH
  [turn] r2_d2: check (pot 24000)
  [turn] segfault_society: bet 4000 (pot 28000)
  [turn] token_titans: raise to 42000 (pot 70000)
  [turn] r2_d2: call (pot 112000)
  [turn] segfault_society: call (pot 150000)
  river: 10D 10C 6D QH JH
  Showdown:
    r2_d2: 8H 8S
    segfault_society: 6C 2D
    token_titans: 5C 10H
  Pot 150000 -> token_titans
  End stacks: calit=50000, nexora=50000, r2_d2=0, rootbotz=50000, segfault_society=0, teambinary=50000, token_titans=150000, volt_x=50000

============================================================
Hand 25
============================================================
Dealer: calit
Seats: calit, nexora, r2_d2, rootbotz, segfault_society, teambinary, token_titans, volt_x
  calit: stack 50000  hole 3S 10S
  nexora: stack 50000  hole 2S 6S
  r2_d2: stack 50000  hole 5H 5S
  rootbotz: stack 50000  hole KD 9H
  segfault_society: stack 50000  hole 6C AS
  teambinary: stack 50000  hole 8D 6H
  token_titans: stack 50000  hole 7C KC
  volt_x: stack 50000  hole 5C QD
  [preflop] calit: check (pot 0)
  [preflop] nexora: check (pot 0)
  [preflop] r2_d2: check (pot 0)
  [preflop] rootbotz: check (pot 0)
  [preflop] segfault_society: bet 4000 (pot 4000)
  [preflop] teambinary: fold (pot 4000)
  [preflop] token_titans: raise to 8000 (pot 12000)
  [preflop] volt_x: fold (pot 12000)
  [preflop] calit: fold (pot 12000)
  [preflop] nexora: fold (pot 12000)
  [preflop] r2_d2: fold (pot 12000)
  [preflop] rootbotz: fold (pot 12000)
  [preflop] segfault_society: call (pot 16000)
  flop: 2D 7D 9D
  [flop] segfault_society: bet 4000 (pot 20000)
  [flop] token_titans: raise to 8000 (pot 28000)
  [flop] segfault_society: call (pot 32000)
  turn: 2D 7D 9D KH
  [turn] segfault_society: bet 4000 (pot 36000)
  [turn] token_titans: raise to 8000 (pot 44000)
  [turn] segfault_society: call (pot 48000)
  river: 2D 7D 9D KH 8C
  [river] segfault_society: bet 4000 (pot 52000)
  [river] token_titans: raise to 26000 (pot 78000)
  [river] segfault_society: call (pot 100000)
  Showdown:
    segfault_society: 6C AS
    token_titans: 7C KC
  Pot 100000 -> token_titans
  End stacks: calit=50000, nexora=50000, r2_d2=50000, rootbotz=50000, segfault_society=0, teambinary=50000, token_titans=100000, volt_x=50000

============================================================
Hand 26
============================================================
Dealer: nexora
Seats: calit, nexora, r2_d2, rootbotz, segfault_society, teambinary, token_titans, volt_x
  calit: stack 50000  hole JC 7D
  nexora: stack 50000  hole 7H AS
  r2_d2: stack 50000  hole 6D 8D
  rootbotz: stack 50000  hole 3C 3D
  segfault_society: stack 50000  hole 4D 5H
  teambinary: stack 50000  hole 10C JS
  token_titans: stack 50000  hole 7C KD
  volt_x: stack 50000  hole AC 10S
  [preflop] nexora: check (pot 0)
  [preflop] r2_d2: check (pot 0)
  [preflop] rootbotz: check (pot 0)
  [preflop] segfault_society: check (pot 0)
  [preflop] teambinary: check (pot 0)
  [preflop] token_titans: check (pot 0)
  [preflop] volt_x: check (pot 0)
  [preflop] calit: check (pot 0)
  flop: JH 8C 2H
  [flop] nexora: check (pot 0)
  [flop] r2_d2: check (pot 0)
  [flop] rootbotz: check (pot 0)
  [flop] segfault_society: check (pot 0)
  [flop] teambinary: check (pot 0)
  [flop] token_titans: check (pot 0)
  [flop] volt_x: check (pot 0)
  [flop] calit: check (pot 0)
  turn: JH 8C 2H 3H
  [turn] nexora: check (pot 0)
  [turn] r2_d2: check (pot 0)
  [turn] rootbotz: check (pot 0)
  [turn] segfault_society: check (pot 0)
  [turn] teambinary: check (pot 0)
  [turn] token_titans: check (pot 0)
  [turn] volt_x: check (pot 0)
  [turn] calit: check (pot 0)
  river: JH 8C 2H 3H 8H
  [river] nexora: check (pot 0)
  [river] r2_d2: check (pot 0)
  [river] rootbotz: bet 6075 (pot 6075)
  [river] segfault_society: call (pot 12150)
  [river] teambinary: fold (pot 12150)
  [river] token_titans: fold (pot 12150)
  [river] volt_x: fold (pot 12150)
  [river] calit: fold (pot 12150)
  [river] nexora: raise to 12361 (pot 24511)
  [river] r2_d2: fold (pot 24511)
  [river] rootbotz: raise to 43925 (pot 62361)
  [river] segfault_society: fold (pot 62361)
  [river] nexora: call (pot 93925)
  Showdown:
    nexora: 7H AS
    rootbotz: 3C 3D
  Pot 18225 -> rootbotz
  Pot 75700 -> rootbotz
  End stacks: calit=50000, nexora=6075, r2_d2=50000, rootbotz=100000, segfault_society=43925, teambinary=50000, token_titans=50000, volt_x=50000

============================================================
Hand 27
============================================================
Dealer: r2_d2
Seats: calit, nexora, r2_d2, rootbotz, segfault_society, teambinary, token_titans, volt_x
  calit: stack 50000  hole KC 5D
  nexora: stack 50000  hole 2C 4S
  r2_d2: stack 50000  hole AH 8S
  rootbotz: stack 50000  hole QC 10H
  segfault_society: stack 50000  hole 6C 9D
  teambinary: stack 50000  hole 9C KS
  token_titans: stack 50000  hole AC 3H
  volt_x: stack 50000  hole 2H AS
  [preflop] r2_d2: check (pot 0)
  [preflop] rootbotz: check (pot 0)
  [preflop] segfault_society: check (pot 0)
  [preflop] teambinary: check (pot 0)
  [preflop] token_titans: check (pot 0)
  [preflop] volt_x: check (pot 0)
  [preflop] calit: check (pot 0)
  [preflop] nexora: check (pot 0)
  flop: 6D 8C 7D
  [flop] r2_d2: check (pot 0)
  [flop] rootbotz: check (pot 0)
  [flop] segfault_society: bet 4000 (pot 4000)
  [flop] teambinary: fold (pot 4000)
  [flop] token_titans: fold (pot 4000)
  [flop] volt_x: fold (pot 4000)
  [flop] calit: fold (pot 4000)
  [flop] nexora: fold (pot 4000)
  [flop] r2_d2: fold (pot 4000)
  [flop] rootbotz: fold (pot 4000)
  Uncontested pot 4000 -> segfault_society
  End stacks: calit=50000, nexora=50000, r2_d2=50000, rootbotz=50000, segfault_society=50000, teambinary=50000, token_titans=50000, volt_x=50000

============================================================
Hand 28
============================================================
Dealer: rootbotz
Seats: calit, nexora, r2_d2, rootbotz, segfault_society, teambinary, token_titans, volt_x
  calit: stack 50000  hole 4D 2H
  nexora: stack 50000  hole 2C 9H
  r2_d2: stack 50000  hole 5H 6S
  rootbotz: stack 50000  hole QC AD
  segfault_society: stack 50000  hole QD 10S
  teambinary: stack 50000  hole 2D 6D
  token_titans: stack 50000  hole 3C 9S
  volt_x: stack 50000  hole 9C 5D
  [preflop] rootbotz: check (pot 0)
  [preflop] segfault_society: bet 4000 (pot 4000)
  [preflop] teambinary: fold (pot 4000)
  [preflop] token_titans: fold (pot 4000)
  [preflop] volt_x: fold (pot 4000)
  [preflop] calit: fold (pot 4000)
  [preflop] nexora: fold (pot 4000)
  [preflop] r2_d2: fold (pot 4000)
  [preflop] rootbotz: raise to 10936 (pot 14936)
  [preflop] segfault_society: call (pot 21872)
  flop: KS 4S 7C
  [flop] rootbotz: bet 10901 (pot 32773)
  [flop] segfault_society: call (pot 43674)
  turn: KS 4S 7C KC
  [turn] rootbotz: bet 25074 (pot 68748)
  [turn] segfault_society: fold (pot 68748)
  Uncontested pot 68748 -> rootbotz
  End stacks: calit=50000, nexora=50000, r2_d2=50000, rootbotz=71837, segfault_society=28163, teambinary=50000, token_titans=50000, volt_x=50000

============================================================
Hand 29
============================================================
Dealer: segfault_society
Seats: calit, nexora, r2_d2, rootbotz, segfault_society, teambinary, token_titans, volt_x
  calit: stack 50000  hole 4S KS
  nexora: stack 50000  hole 10D 6H
  r2_d2: stack 50000  hole 4D 8D
  rootbotz: stack 50000  hole 7D JS
  segfault_society: stack 50000  hole 4H 7H
  teambinary: stack 50000  hole JD QH
  token_titans: stack 50000  hole 9C 6S
  volt_x: stack 50000  hole 2D 9H
  [preflop] segfault_society: check (pot 0)
  [preflop] teambinary: check (pot 0)
  [preflop] token_titans: check (pot 0)
  [preflop] volt_x: check (pot 0)
  [preflop] calit: check (pot 0)
  [preflop] nexora: check (pot 0)
  [preflop] r2_d2: check (pot 0)
  [preflop] rootbotz: check (pot 0)
  flop: 5C JH AC
  [flop] segfault_society: check (pot 0)
  [flop] teambinary: check (pot 0)
  [flop] token_titans: check (pot 0)
  [flop] volt_x: check (pot 0)
  [flop] calit: check (pot 0)
  [flop] nexora: check (pot 0)
  [flop] r2_d2: check (pot 0)
  [flop] rootbotz: check (pot 0)
  turn: 5C JH AC 2H
  [turn] segfault_society: check (pot 0)
  [turn] teambinary: check (pot 0)
  [turn] token_titans: check (pot 0)
  [turn] volt_x: check (pot 0)
  [turn] calit: check (pot 0)
  [turn] nexora: check (pot 0)
  [turn] r2_d2: check (pot 0)
  [turn] rootbotz: check (pot 0)
  river: 5C JH AC 2H 5H
  [river] segfault_society: bet 4000 (pot 4000)
  [river] teambinary: fold (pot 4000)
  [river] token_titans: fold (pot 4000)
  [river] volt_x: fold (pot 4000)
  [river] calit: fold (pot 4000)
  [river] nexora: fold (pot 4000)
  [river] r2_d2: fold (pot 4000)
  [river] rootbotz: call (pot 8000)
  Showdown:
    rootbotz: 7D JS
    segfault_society: 4H 7H
  Pot 8000 -> segfault_society
  End stacks: calit=50000, nexora=50000, r2_d2=50000, rootbotz=46000, segfault_society=54000, teambinary=50000, token_titans=50000, volt_x=50000

============================================================
Hand 30
============================================================
Dealer: teambinary
Seats: calit, nexora, r2_d2, rootbotz, segfault_society, teambinary, token_titans, volt_x
  calit: stack 50000  hole 4H 6S
  nexora: stack 50000  hole 7H KS
  r2_d2: stack 50000  hole 4D KD
  rootbotz: stack 50000  hole 3C 6C
  segfault_society: stack 50000  hole AH 8S
  teambinary: stack 50000  hole 4C 2H
  token_titans: stack 50000  hole AD QS
  volt_x: stack 50000  hole 7C KC
  [preflop] teambinary: check (pot 0)
  [preflop] token_titans: check (pot 0)
  [preflop] volt_x: check (pot 0)
  [preflop] calit: check (pot 0)
  [preflop] nexora: check (pot 0)
  [preflop] r2_d2: check (pot 0)
  [preflop] rootbotz: check (pot 0)
  [preflop] segfault_society: bet 4000 (pot 4000)
  [preflop] teambinary: fold (pot 4000)
  [preflop] token_titans: raise to 8000 (pot 12000)
  [preflop] volt_x: fold (pot 12000)
  [preflop] calit: fold (pot 12000)
  [preflop] nexora: fold (pot 12000)
  [preflop] r2_d2: fold (pot 12000)
  [preflop] rootbotz: fold (pot 12000)
  [preflop] segfault_society: call (pot 16000)
  flop: 7S 8C QH
  [flop] token_titans: bet 8000 (pot 24000)
  [flop] segfault_society: call (pot 32000)
  turn: 7S 8C QH 5D
  [turn] token_titans: bet 22400 (pot 54400)
  [turn] segfault_society: call (pot 76800)
  river: 7S 8C QH 5D JD
  [river] token_titans: bet 11600 (pot 88400)
  [river] segfault_society: call (pot 100000)
  Showdown:
    segfault_society: AH 8S
    token_titans: AD QS
  Pot 100000 -> token_titans
  End stacks: calit=50000, nexora=50000, r2_d2=50000, rootbotz=50000, segfault_society=0, teambinary=50000, token_titans=100000, volt_x=50000

============================================================
Hand 31
============================================================
Dealer: token_titans
Seats: calit, nexora, r2_d2, rootbotz, segfault_society, teambinary, token_titans, volt_x
  calit: stack 50000  hole 7D 3S
  nexora: stack 50000  hole 9H 2S
  r2_d2: stack 50000  hole JD 6S
  rootbotz: stack 50000  hole JC QH
  segfault_society: stack 50000  hole 9C JH
  teambinary: stack 50000  hole 4C KC
  token_titans: stack 50000  hole QC 7S
  volt_x: stack 50000  hole 6C 6D
  [preflop] token_titans: check (pot 0)
  [preflop] volt_x: check (pot 0)
  [preflop] calit: check (pot 0)
  [preflop] nexora: check (pot 0)
  [preflop] r2_d2: check (pot 0)
  [preflop] rootbotz: check (pot 0)
  [preflop] segfault_society: bet 4000 (pot 4000)
  [preflop] teambinary: fold (pot 4000)
  [preflop] token_titans: fold (pot 4000)
  [preflop] volt_x: fold (pot 4000)
  [preflop] calit: fold (pot 4000)
  [preflop] nexora: fold (pot 4000)
  [preflop] r2_d2: fold (pot 4000)
  [preflop] rootbotz: call (pot 8000)
  flop: AS 8S 2D
  [flop] rootbotz: bet 2932 (pot 10932)
  [flop] segfault_society: call (pot 13864)
  turn: AS 8S 2D 3C
  [turn] rootbotz: check (pot 13864)
  [turn] segfault_society: check (pot 13864)
  river: AS 8S 2D 3C JS
  [river] rootbotz: bet 14421 (pot 28285)
  [river] segfault_society: fold (pot 28285)
  Uncontested pot 28285 -> rootbotz
  End stacks: calit=50000, nexora=50000, r2_d2=50000, rootbotz=56932, segfault_society=43068, teambinary=50000, token_titans=50000, volt_x=50000

============================================================
Hand 32
============================================================
Dealer: volt_x
Seats: calit, nexora, r2_d2, rootbotz, segfault_society, teambinary, token_titans, volt_x
  calit: stack 50000  hole 8C AD
  nexora: stack 50000  hole 6C 5H
  r2_d2: stack 50000  hole 10D 10H
  rootbotz: stack 50000  hole 3C 4C
  segfault_society: stack 50000  hole JC AC
  teambinary: stack 50000  hole 4H 7S
  token_titans: stack 50000  hole 6H 3S
  volt_x: stack 50000  hole 3D KD
  [preflop] volt_x: check (pot 0)
  [preflop] calit: check (pot 0)
  [preflop] nexora: check (pot 0)
  [preflop] r2_d2: check (pot 0)
  [preflop] rootbotz: check (pot 0)
  [preflop] segfault_society: bet 4000 (pot 4000)
  [preflop] teambinary: fold (pot 4000)
  [preflop] token_titans: fold (pot 4000)
  [preflop] volt_x: fold (pot 4000)
  [preflop] calit: fold (pot 4000)
  [preflop] nexora: fold (pot 4000)
  [preflop] r2_d2: call (pot 8000)
  [preflop] rootbotz: fold (pot 8000)
  flop: 5S AS KC
  [flop] r2_d2: bet 4000 (pot 12000)
  [flop] segfault_society: raise to 24000 (pot 36000)
  [flop] r2_d2: call (pot 56000)
  turn: 5S AS KC 7H
  [turn] r2_d2: bet 22000 (pot 78000)
  [turn] segfault_society: call (pot 100000)
  river: 5S AS KC 7H QC
  Showdown:
    r2_d2: 10D 10H
    segfault_society: JC AC
  Pot 100000 -> segfault_society
  End stacks: calit=50000, nexora=50000, r2_d2=0, rootbotz=50000, segfault_society=100000, teambinary=50000, token_titans=50000, volt_x=50000

============================================================
Hand 33
============================================================
Dealer: calit
Seats: calit, nexora, r2_d2, rootbotz, segfault_society, teambinary, token_titans, volt_x
  calit: stack 50000  hole 8D AS
  nexora: stack 50000  hole 3S 10S
  r2_d2: stack 50000  hole QC 6S
  rootbotz: stack 50000  hole 6C 5S
  segfault_society: stack 50000  hole 10C 5H
  teambinary: stack 50000  hole 7D 9D
  token_titans: stack 50000  hole 4C 4D
  volt_x: stack 50000  hole 5C 6D
  [preflop] calit: check (pot 0)
  [preflop] nexora: check (pot 0)
  [preflop] r2_d2: check (pot 0)
  [preflop] rootbotz: check (pot 0)
  [preflop] segfault_society: check (pot 0)
  [preflop] teambinary: check (pot 0)
  [preflop] token_titans: check (pot 0)
  [preflop] volt_x: check (pot 0)
  flop: 10H 7C KH
  [flop] calit: check (pot 0)
  [flop] nexora: check (pot 0)
  [flop] r2_d2: check (pot 0)
  [flop] rootbotz: check (pot 0)
  [flop] segfault_society: bet 4000 (pot 4000)
  [flop] teambinary: fold (pot 4000)
  [flop] token_titans: fold (pot 4000)
  [flop] volt_x: fold (pot 4000)
  [flop] calit: fold (pot 4000)
  [flop] nexora: fold (pot 4000)
  [flop] r2_d2: fold (pot 4000)
  [flop] rootbotz: fold (pot 4000)
  Uncontested pot 4000 -> segfault_society
  End stacks: calit=50000, nexora=50000, r2_d2=50000, rootbotz=50000, segfault_society=50000, teambinary=50000, token_titans=50000, volt_x=50000

============================================================
Hand 34
============================================================
Dealer: nexora
Seats: calit, nexora, r2_d2, rootbotz, segfault_society, teambinary, token_titans, volt_x
  calit: stack 50000  hole 9C AS
  nexora: stack 50000  hole 4C 6C
  r2_d2: stack 50000  hole 7D 2H
  rootbotz: stack 50000  hole 2D 6D
  segfault_society: stack 50000  hole 8S 10S
  teambinary: stack 50000  hole KD 3S
  token_titans: stack 50000  hole 5C AH
  volt_x: stack 50000  hole JC 9H
  [preflop] nexora: check (pot 0)
  [preflop] r2_d2: check (pot 0)
  [preflop] rootbotz: check (pot 0)
  [preflop] segfault_society: check (pot 0)
  [preflop] teambinary: check (pot 0)
  [preflop] token_titans: check (pot 0)
  [preflop] volt_x: check (pot 0)
  [preflop] calit: check (pot 0)
  flop: 10D 10C QS
  [flop] nexora: check (pot 0)
  [flop] r2_d2: check (pot 0)
  [flop] rootbotz: check (pot 0)
  [flop] segfault_society: bet 14000 (pot 14000)
  [flop] teambinary: fold (pot 14000)
  [flop] token_titans: fold (pot 14000)
  [flop] volt_x: fold (pot 14000)
  [flop] calit: fold (pot 14000)
  [flop] nexora: fold (pot 14000)
  [flop] r2_d2: fold (pot 14000)
  [flop] rootbotz: fold (pot 14000)
  Uncontested pot 14000 -> segfault_society
  End stacks: calit=50000, nexora=50000, r2_d2=50000, rootbotz=50000, segfault_society=50000, teambinary=50000, token_titans=50000, volt_x=50000

============================================================
Hand 35
============================================================
Dealer: r2_d2
Seats: calit, nexora, r2_d2, rootbotz, segfault_society, teambinary, token_titans, volt_x
  calit: stack 50000  hole KC 3S
  nexora: stack 50000  hole 7C 2S
  r2_d2: stack 50000  hole 5H QH
  rootbotz: stack 50000  hole 6D 9D
  segfault_society: stack 50000  hole JD JH
  teambinary: stack 50000  hole 6C 9C
  token_titans: stack 50000  hole AD 10S
  volt_x: stack 50000  hole 2C 5S
  [preflop] r2_d2: check (pot 0)
  [preflop] rootbotz: check (pot 0)
  [preflop] segfault_society: bet 4000 (pot 4000)
  [preflop] teambinary: fold (pot 4000)
  [preflop] token_titans: raise to 8000 (pot 12000)
  [preflop] volt_x: fold (pot 12000)
  [preflop] calit: fold (pot 12000)
  [preflop] nexora: fold (pot 12000)
  [preflop] r2_d2: fold (pot 12000)
  [preflop] rootbotz: fold (pot 12000)
  [preflop] segfault_society: raise to 24000 (pot 32000)
  [preflop] token_titans: call (pot 48000)
  flop: 4C 7H JS
  [flop] segfault_society: bet 4000 (pot 52000)
  [flop] token_titans: raise to 8000 (pot 60000)
  [flop] segfault_society: raise to 26000 (pot 82000)
  [flop] token_titans: call (pot 100000)
  turn: 4C 7H JS KS
  river: 4C 7H JS KS 3H
  Showdown:
    segfault_society: JD JH
    token_titans: AD 10S
  Pot 100000 -> segfault_society
  End stacks: calit=50000, nexora=50000, r2_d2=50000, rootbotz=50000, segfault_society=100000, teambinary=50000, token_titans=0, volt_x=50000

============================================================
Hand 36
============================================================
Dealer: rootbotz
Seats: calit, nexora, r2_d2, rootbotz, segfault_society, teambinary, token_titans, volt_x
  calit: stack 50000  hole KC 2S
  nexora: stack 50000  hole 6C AH
  r2_d2: stack 50000  hole 6H KS
  rootbotz: stack 50000  hole 8H 6S
  segfault_society: stack 50000  hole JD 4S
  teambinary: stack 50000  hole 5D 2H
  token_titans: stack 50000  hole 5C 7S
  volt_x: stack 50000  hole 4C AD
  [preflop] rootbotz: check (pot 0)
  [preflop] segfault_society: check (pot 0)
  [preflop] teambinary: check (pot 0)
  [preflop] token_titans: check (pot 0)
  [preflop] volt_x: check (pot 0)
  [preflop] calit: check (pot 0)
  [preflop] nexora: check (pot 0)
  [preflop] r2_d2: check (pot 0)
  flop: JS 10H 3C
  [flop] rootbotz: check (pot 0)
  [flop] segfault_society: bet 4000 (pot 4000)
  [flop] teambinary: fold (pot 4000)
  [flop] token_titans: fold (pot 4000)
  [flop] volt_x: fold (pot 4000)
  [flop] calit: fold (pot 4000)
  [flop] nexora: fold (pot 4000)
  [flop] r2_d2: fold (pot 4000)
  [flop] rootbotz: fold (pot 4000)
  Uncontested pot 4000 -> segfault_society
  End stacks: calit=50000, nexora=50000, r2_d2=50000, rootbotz=50000, segfault_society=50000, teambinary=50000, token_titans=50000, volt_x=50000

============================================================
Hand 37
============================================================
Dealer: segfault_society
Seats: calit, nexora, r2_d2, rootbotz, segfault_society, teambinary, token_titans, volt_x
  calit: stack 50000  hole 7H 8H
  nexora: stack 50000  hole 9C 6S
  r2_d2: stack 50000  hole 8C 7S
  rootbotz: stack 50000  hole 7D 8S
  segfault_society: stack 50000  hole 7C KS
  teambinary: stack 50000  hole KC 4D
  token_titans: stack 50000  hole KD 3H
  volt_x: stack 50000  hole 5D 9D
  [preflop] segfault_society: check (pot 0)
  [preflop] teambinary: check (pot 0)
  [preflop] token_titans: check (pot 0)
  [preflop] volt_x: check (pot 0)
  [preflop] calit: check (pot 0)
  [preflop] nexora: check (pot 0)
  [preflop] r2_d2: check (pot 0)
  [preflop] rootbotz: check (pot 0)
  flop: 5H 10C AD
  [flop] segfault_society: check (pot 0)
  [flop] teambinary: check (pot 0)
  [flop] token_titans: check (pot 0)
  [flop] volt_x: check (pot 0)
  [flop] calit: check (pot 0)
  [flop] nexora: check (pot 0)
  [flop] r2_d2: check (pot 0)
  [flop] rootbotz: check (pot 0)
  turn: 5H 10C AD 8D
  [turn] segfault_society: check (pot 0)
  [turn] teambinary: check (pot 0)
  [turn] token_titans: check (pot 0)
  [turn] volt_x: check (pot 0)
  [turn] calit: check (pot 0)
  [turn] nexora: check (pot 0)
  [turn] r2_d2: check (pot 0)
  [turn] rootbotz: check (pot 0)
  river: 5H 10C AD 8D 4H
  [river] segfault_society: check (pot 0)
  [river] teambinary: check (pot 0)
  [river] token_titans: check (pot 0)
  [river] volt_x: check (pot 0)
  [river] calit: check (pot 0)
  [river] nexora: check (pot 0)
  [river] r2_d2: check (pot 0)
  [river] rootbotz: check (pot 0)
  Showdown:
    calit: 7H 8H
    nexora: 9C 6S
    r2_d2: 8C 7S
    rootbotz: 7D 8S
    segfault_society: 7C KS
    teambinary: KC 4D
    token_titans: KD 3H
    volt_x: 5D 9D
  End stacks: calit=50000, nexora=50000, r2_d2=50000, rootbotz=50000, segfault_society=50000, teambinary=50000, token_titans=50000, volt_x=50000

============================================================
Hand 38
============================================================
Dealer: teambinary
Seats: calit, nexora, r2_d2, rootbotz, segfault_society, teambinary, token_titans, volt_x
  calit: stack 50000  hole 2C AS
  nexora: stack 50000  hole JD 2H
  r2_d2: stack 50000  hole JC 9H
  rootbotz: stack 50000  hole 5D QS
  segfault_society: stack 50000  hole 8C 7H
  teambinary: stack 50000  hole 6H KS
  token_titans: stack 50000  hole 3D 6S
  volt_x: stack 50000  hole 8D 7S
  [preflop] teambinary: check (pot 0)
  [preflop] token_titans: check (pot 0)
  [preflop] volt_x: check (pot 0)
  [preflop] calit: check (pot 0)
  [preflop] nexora: check (pot 0)
  [preflop] r2_d2: check (pot 0)
  [preflop] rootbotz: check (pot 0)
  [preflop] segfault_society: check (pot 0)
  flop: 4C QD 9S
  [flop] teambinary: check (pot 0)
  [flop] token_titans: check (pot 0)
  [flop] volt_x: check (pot 0)
  [flop] calit: check (pot 0)
  [flop] nexora: check (pot 0)
  [flop] r2_d2: check (pot 0)
  [flop] rootbotz: check (pot 0)
  [flop] segfault_society: check (pot 0)
  turn: 4C QD 9S 6C
  [turn] teambinary: check (pot 0)
  [turn] token_titans: check (pot 0)
  [turn] volt_x: check (pot 0)
  [turn] calit: check (pot 0)
  [turn] nexora: check (pot 0)
  [turn] r2_d2: check (pot 0)
  [turn] rootbotz: check (pot 0)
  [turn] segfault_society: check (pot 0)
  river: 4C QD 9S 6C 4H
  [river] teambinary: check (pot 0)
  [river] token_titans: check (pot 0)
  [river] volt_x: check (pot 0)
  [river] calit: check (pot 0)
  [river] nexora: check (pot 0)
  [river] r2_d2: check (pot 0)
  [river] rootbotz: check (pot 0)
  [river] segfault_society: check (pot 0)
  Showdown:
    calit: 2C AS
    nexora: JD 2H
    r2_d2: JC 9H
    rootbotz: 5D QS
    segfault_society: 8C 7H
    teambinary: 6H KS
    token_titans: 3D 6S
    volt_x: 8D 7S
  End stacks: calit=50000, nexora=50000, r2_d2=50000, rootbotz=50000, segfault_society=50000, teambinary=50000, token_titans=50000, volt_x=50000

============================================================
Hand 39
============================================================
Dealer: token_titans
Seats: calit, nexora, r2_d2, rootbotz, segfault_society, teambinary, token_titans, volt_x
  calit: stack 50000  hole 9C 8S
  nexora: stack 50000  hole AC 4S
  r2_d2: stack 50000  hole JC 3S
  rootbotz: stack 50000  hole 3H 6S
  segfault_society: stack 50000  hole KC 10H
  teambinary: stack 50000  hole 3C 5H
  token_titans: stack 50000  hole JH AS
  volt_x: stack 50000  hole 7H QS
  [preflop] token_titans: check (pot 0)
  [preflop] volt_x: check (pot 0)
  [preflop] calit: check (pot 0)
  [preflop] nexora: check (pot 0)
  [preflop] r2_d2: check (pot 0)
  [preflop] rootbotz: check (pot 0)
  [preflop] segfault_society: bet 4000 (pot 4000)
  [preflop] teambinary: fold (pot 4000)
  [preflop] token_titans: raise to 8000 (pot 12000)
  [preflop] volt_x: fold (pot 12000)
  [preflop] calit: fold (pot 12000)
  [preflop] nexora: fold (pot 12000)
  [preflop] r2_d2: fold (pot 12000)
  [preflop] rootbotz: fold (pot 12000)
  [preflop] segfault_society: call (pot 16000)
  flop: 6H KD 2H
  [flop] token_titans: bet 2310 (pot 18310)
  [flop] segfault_society: raise to 42000 (pot 60310)
  [flop] token_titans: fold (pot 60310)
  Uncontested pot 60310 -> segfault_society
  End stacks: calit=50000, nexora=50000, r2_d2=50000, rootbotz=50000, segfault_society=60310, teambinary=50000, token_titans=39690, volt_x=50000

============================================================
Hand 40
============================================================
Dealer: volt_x
Seats: calit, nexora, r2_d2, rootbotz, segfault_society, teambinary, token_titans, volt_x
  calit: stack 50000  hole KD QH
  nexora: stack 50000  hole JC KC
  r2_d2: stack 50000  hole QC 4S
  rootbotz: stack 50000  hole 4D 3H
  segfault_society: stack 50000  hole 2C 5H
  teambinary: stack 50000  hole 2H 10S
  token_titans: stack 50000  hole 8C AC
  volt_x: stack 50000  hole JH 8S
  [preflop] volt_x: check (pot 0)
  [preflop] calit: check (pot 0)
  [preflop] nexora: check (pot 0)
  [preflop] r2_d2: check (pot 0)
  [preflop] rootbotz: check (pot 0)
  [preflop] segfault_society: check (pot 0)
  [preflop] teambinary: check (pot 0)
  [preflop] token_titans: check (pot 0)
  flop: 3C KS 8D
  [flop] volt_x: check (pot 0)
  [flop] calit: check (pot 0)
  [flop] nexora: check (pot 0)
  [flop] r2_d2: check (pot 0)
  [flop] rootbotz: check (pot 0)
  [flop] segfault_society: check (pot 0)
  [flop] teambinary: check (pot 0)
  [flop] token_titans: check (pot 0)
  turn: 3C KS 8D 2D
  [turn] volt_x: check (pot 0)
  [turn] calit: check (pot 0)
  [turn] nexora: check (pot 0)
  [turn] r2_d2: check (pot 0)
  [turn] rootbotz: check (pot 0)
  [turn] segfault_society: check (pot 0)
  [turn] teambinary: check (pot 0)
  [turn] token_titans: check (pot 0)
  river: 3C KS 8D 2D 5D
  [river] volt_x: check (pot 0)
  [river] calit: check (pot 0)
  [river] nexora: check (pot 0)
  [river] r2_d2: check (pot 0)
  [river] rootbotz: check (pot 0)
  [river] segfault_society: bet 4000 (pot 4000)
  [river] teambinary: fold (pot 4000)
  [river] token_titans: fold (pot 4000)
  [river] volt_x: fold (pot 4000)
  [river] calit: fold (pot 4000)
  [river] nexora: call (pot 8000)
  [river] r2_d2: fold (pot 8000)
  [river] rootbotz: fold (pot 8000)
  Showdown:
    nexora: JC KC
    segfault_society: 2C 5H
  Pot 8000 -> segfault_society
  End stacks: calit=50000, nexora=46000, r2_d2=50000, rootbotz=50000, segfault_society=54000, teambinary=50000, token_titans=50000, volt_x=50000
